// Jest Snapshot v1, https://goo.gl/fbAQLP

exports[`PokemonCard should match the snapshot 1`] = `
ShallowWrapper {
  Symbol(enzyme.__root__): [Circular],
  Symbol(enzyme.__unrendered__): <Pokemoncard />,
  Symbol(enzyme.__renderer__): Object {
    "batchedUpdates": [Function],
    "getNode": [Function],
    "render": [Function],
    "simulateError": [Function],
    "simulateEvent": [Function],
    "unmount": [Function],
  },
  Symbol(enzyme.__node__): Object {
    "instance": null,
    "key": undefined,
    "nodeType": "host",
    "props": Object {
      "children": Array [
        <h1
          className="poke-card-name"
        />,
        <div>
          <img
            alt="left click button"
            className="poke-card-btn"
            onClick={[Function]}
            src="Add.png"
          />
          <img
            alt="right click button"
            className="poke-card-btn"
            onClick={[Function]}
            src="Stats.png"
          />
        </div>,
        <img
          alt="main pokemon"
          className="main-poke-img"
        />,
        false,
        false,
        false,
        false,
        false,
      ],
      "className": "poke-card",
    },
    "ref": null,
    "rendered": Array [
      Object {
        "instance": null,
        "key": undefined,
        "nodeType": "host",
        "props": Object {
          "children": undefined,
          "className": "poke-card-name",
        },
        "ref": null,
        "rendered": null,
        "type": "h1",
      },
      Object {
        "instance": null,
        "key": undefined,
        "nodeType": "host",
        "props": Object {
          "children": Array [
            <img
              alt="left click button"
              className="poke-card-btn"
              onClick={[Function]}
              src="Add.png"
            />,
            <img
              alt="right click button"
              className="poke-card-btn"
              onClick={[Function]}
              src="Stats.png"
            />,
          ],
        },
        "ref": null,
        "rendered": Array [
          Object {
            "instance": null,
            "key": undefined,
            "nodeType": "host",
            "props": Object {
              "alt": "left click button",
              "className": "poke-card-btn",
              "onClick": [Function],
              "src": "Add.png",
            },
            "ref": null,
            "rendered": null,
            "type": "img",
          },
          Object {
            "instance": null,
            "key": undefined,
            "nodeType": "host",
            "props": Object {
              "alt": "right click button",
              "className": "poke-card-btn",
              "onClick": [Function],
              "src": "Stats.png",
            },
            "ref": null,
            "rendered": null,
            "type": "img",
          },
        ],
        "type": "div",
      },
      Object {
        "instance": null,
        "key": undefined,
        "nodeType": "host",
        "props": Object {
          "alt": "main pokemon",
          "className": "main-poke-img",
          "src": undefined,
        },
        "ref": null,
        "rendered": null,
        "type": "img",
      },
      false,
      false,
      false,
      false,
      false,
    ],
    "type": "div",
  },
  Symbol(enzyme.__nodes__): Array [
    Object {
      "instance": null,
      "key": undefined,
      "nodeType": "host",
      "props": Object {
        "children": Array [
          <h1
            className="poke-card-name"
          />,
          <div>
            <img
              alt="left click button"
              className="poke-card-btn"
              onClick={[Function]}
              src="Add.png"
            />
            <img
              alt="right click button"
              className="poke-card-btn"
              onClick={[Function]}
              src="Stats.png"
            />
          </div>,
          <img
            alt="main pokemon"
            className="main-poke-img"
          />,
          false,
          false,
          false,
          false,
          false,
        ],
        "className": "poke-card",
      },
      "ref": null,
      "rendered": Array [
        Object {
          "instance": null,
          "key": undefined,
          "nodeType": "host",
          "props": Object {
            "children": undefined,
            "className": "poke-card-name",
          },
          "ref": null,
          "rendered": null,
          "type": "h1",
        },
        Object {
          "instance": null,
          "key": undefined,
          "nodeType": "host",
          "props": Object {
            "children": Array [
              <img
                alt="left click button"
                className="poke-card-btn"
                onClick={[Function]}
                src="Add.png"
              />,
              <img
                alt="right click button"
                className="poke-card-btn"
                onClick={[Function]}
                src="Stats.png"
              />,
            ],
          },
          "ref": null,
          "rendered": Array [
            Object {
              "instance": null,
              "key": undefined,
              "nodeType": "host",
              "props": Object {
                "alt": "left click button",
                "className": "poke-card-btn",
                "onClick": [Function],
                "src": "Add.png",
              },
              "ref": null,
              "rendered": null,
              "type": "img",
            },
            Object {
              "instance": null,
              "key": undefined,
              "nodeType": "host",
              "props": Object {
                "alt": "right click button",
                "className": "poke-card-btn",
                "onClick": [Function],
                "src": "Stats.png",
              },
              "ref": null,
              "rendered": null,
              "type": "img",
            },
          ],
          "type": "div",
        },
        Object {
          "instance": null,
          "key": undefined,
          "nodeType": "host",
          "props": Object {
            "alt": "main pokemon",
            "className": "main-poke-img",
            "src": undefined,
          },
          "ref": null,
          "rendered": null,
          "type": "img",
        },
        false,
        false,
        false,
        false,
        false,
      ],
      "type": "div",
    },
  ],
  Symbol(enzyme.__options__): Object {
    "adapter": ReactSixteenAdapter {
      "options": Object {
        "enableComponentDidUpdateOnSetState": true,
        "lifecycles": Object {
          "componentDidUpdate": Object {
            "onSetState": true,
          },
          "getDerivedStateFromProps": true,
          "getSnapshotBeforeUpdate": true,
          "setState": Object {
            "skipsComponentDidUpdateOnNullish": true,
          },
        },
      },
    },
  },
}
`;
